I'm sorry, but errors were detected in your script. Please correct the
errors listed below, and try again.


File "game/code/places/central.rpy", line 14: expected statement.
    compress("objects", "objects_", 1)
                                      ^

Ren'Py Version: Ren'Py 8.0.2.22081402
Thu Nov 24 12:05:08 2022
